To honour the JVM settings for this build a single-use Daemon process will be forked. For more on this, please refer to https://docs.gradle.org/9.4.1/userguide/gradle_daemon.html#sec:disabling_the_daemon in the Gradle documentation.
Daemon will be stopped at the end of the build

> Configure project :video-clip-editor-compose
WARNING: The 'commonTest' source directory exists, but android host tests are not enabled. To enable android host tests, add `withHostTest {}` to your android target configuration in the Gradle build file.

> Configure project :video-clip-editor-core
WARNING: The 'commonTest' source directory exists, but android host tests are not enabled. To enable android host tests, add `withHostTest {}` to your android target configuration in the Gradle build file.
w: ⚠️ Native task 'iosX64Test' is disabled
Task 'iosX64Test' for target 'ios_x64' cannot run on the current host (macos-aarch64).
Reason: architecture mismatch - target requires X64, current host is ARM64
Solution: To suppress this warning, add 'kotlin.native.ignoreDisabledTargets=true' to gradle.properties.


> Task :video-clip-editor-compose:androidJar
> Task :video-clip-editor-compose:kmpPartiallyResolvedDependenciesChecker
> Task :video-clip-editor-compose:checkKotlinGradlePluginConfigurationErrors SKIPPED
> Task :video-clip-editor-compose:convertXmlValueResourcesForAndroidMain NO-SOURCE
> Task :video-clip-editor-compose:copyNonXmlValueResourcesForAndroidMain NO-SOURCE
> Task :video-clip-editor-compose:prepareComposeResourcesTaskForAndroidMain NO-SOURCE
> Task :video-clip-editor-compose:generateResourceAccessorsForAndroidMain SKIPPED
> Task :video-clip-editor-compose:convertXmlValueResourcesForCommonMain NO-SOURCE
> Task :video-clip-editor-compose:copyNonXmlValueResourcesForCommonMain NO-SOURCE
> Task :video-clip-editor-compose:prepareComposeResourcesTaskForCommonMain NO-SOURCE
> Task :video-clip-editor-compose:generateResourceAccessorsForCommonMain SKIPPED
> Task :video-clip-editor-compose:generateActualResourceCollectorsForAndroidMain SKIPPED
> Task :video-clip-editor-compose:androidPreBuild UP-TO-DATE
> Task :video-clip-editor-compose:preAndroidMainBuild UP-TO-DATE
> Task :video-clip-editor-compose:generateAndroidMainEmptyResourceFiles
> Task :video-clip-editor-compose:copyAndroidMainComposeResourcesToAndroidAssets
> Task :video-clip-editor-compose:packageAndroidMainResources
> Task :video-clip-editor-compose:generateComposeResClass SKIPPED
> Task :video-clip-editor-compose:generateExpectResourceCollectorsForCommonMain SKIPPED
> Task :video-clip-editor-core:kmpPartiallyResolvedDependenciesChecker
> Task :video-clip-editor-core:checkKotlinGradlePluginConfigurationErrors SKIPPED
> Task :video-clip-editor-core:androidPreBuild UP-TO-DATE
> Task :video-clip-editor-core:preAndroidMainBuild UP-TO-DATE
> Task :video-clip-editor-core:generateAndroidMainEmptyResourceFiles
> Task :video-clip-editor-core:packageAndroidMainResources
> Task :video-clip-editor-compose:convertXmlValueResourcesForAndroidDeviceTest NO-SOURCE
> Task :video-clip-editor-compose:copyNonXmlValueResourcesForAndroidDeviceTest NO-SOURCE
> Task :video-clip-editor-compose:prepareComposeResourcesTaskForAndroidDeviceTest NO-SOURCE
> Task :video-clip-editor-compose:copyAndroidDeviceTestComposeResourcesToAndroidAssets
> Task :video-clip-editor-compose:preAndroidDeviceTestBuild UP-TO-DATE
> Task :video-clip-editor-compose:generateAndroidDeviceTestResources
> Task :video-clip-editor-compose:packageAndroidDeviceTestResources
> Task :video-clip-editor-compose:processAndroidDeviceTestNavigationResources
> Task :video-clip-editor-core:parseAndroidMainLocalResources
> Task :video-clip-editor-compose:parseAndroidMainLocalResources
> Task :video-clip-editor-compose:parseAndroidDeviceTestLocalResources
> Task :video-clip-editor-compose:generateResourceAccessorsForAndroidDeviceTest SKIPPED
> Task :video-clip-editor-compose:generateAndroidDeviceTestAssets UP-TO-DATE
> Task :video-clip-editor-compose:generateAndroidMainAssets UP-TO-DATE
> Task :video-clip-editor-compose:mergeAndroidMainAssets
> Task :video-clip-editor-core:generateAndroidMainRFile
> Task :video-clip-editor-compose:generateAndroidMainRFile
> Task :video-clip-editor-compose:generateAndroidDeviceTestRFile
> Task :video-clip-editor-core:generateAndroidMainAssets UP-TO-DATE
> Task :video-clip-editor-core:mergeAndroidMainAssets
> Task :video-clip-editor-compose:mergeAndroidDeviceTestAssets
> Task :video-clip-editor-compose:processAndroidDeviceTestJavaRes NO-SOURCE
> Task :video-clip-editor-compose:compressAndroidDeviceTestAssets
> Task :video-clip-editor-compose:desugarAndroidDeviceTestFileDependencies
> Task :video-clip-editor-compose:writeAndroidMainAarMetadata
> Task :video-clip-editor-core:writeAndroidMainAarMetadata
> Task :video-clip-editor-compose:mapAndroidDeviceTestSourceSetPaths
> Task :video-clip-editor-compose:checkAndroidDeviceTestDuplicateClasses
> Task :video-clip-editor-compose:checkAndroidDeviceTestAarMetadata
> Task :video-clip-editor-compose:mapAndroidMainSourceSetPaths
> Task :video-clip-editor-compose:compileAndroidDeviceTestNavigationResources
> Task :video-clip-editor-compose:compileAndroidMainLibraryResources
> Task :video-clip-editor-core:mapAndroidMainSourceSetPaths
> Task :video-clip-editor-core:compileAndroidMainLibraryResources
> Task :video-clip-editor-compose:mergeAndroidMainJniLibFolders
> Task :video-clip-editor-compose:mergeAndroidMainNativeLibs NO-SOURCE
> Task :video-clip-editor-compose:mergeAndroidDeviceTestJniLibFolders
> Task :video-clip-editor-compose:copyAndroidMainJniLibsProjectOnly
> Task :video-clip-editor-core:mergeAndroidMainJniLibFolders
> Task :video-clip-editor-core:mergeAndroidMainNativeLibs NO-SOURCE
> Task :video-clip-editor-core:copyAndroidMainJniLibsProjectOnly
> Task :video-clip-editor-compose:validateSigningAndroidDeviceTest
> Task :video-clip-editor-compose:mergeAndroidDeviceTestResources
> Task :video-clip-editor-compose:writeAndroidDeviceTestSigningConfigVersions
> Task :video-clip-editor-compose:mergeAndroidDeviceTestNativeLibs
> Task :video-clip-editor-compose:processAndroidMainManifest
> Task :video-clip-editor-core:processAndroidMainManifest

> Task :video-clip-editor-compose:stripAndroidDeviceTestDebugSymbols
Unable to strip the following libraries, packaging them as they are: libandroidx.graphics.path.so. Run with --info option to learn more.

> Task :video-clip-editor-compose:processAndroidDeviceTestManifest
> Task :video-clip-editor-compose:processAndroidDeviceTestResources
> Task :video-clip-editor-compose:mergeExtDexAndroidDeviceTest
> Task :video-clip-editor-core:compileAndroidMain
> Task :video-clip-editor-core:processAndroidMainJavaRes
> Task :video-clip-editor-core:bundleAndroidMainClassesToRuntimeJar
> Task :video-clip-editor-core:bundleAndroidMainClassesToCompileJar
> Task :video-clip-editor-compose:compileAndroidMain
> Task :video-clip-editor-compose:processAndroidMainJavaRes
> Task :video-clip-editor-compose:bundleAndroidMainClassesToCompileJar
> Task :video-clip-editor-compose:bundleAndroidMainClassesToRuntimeJar
> Task :video-clip-editor-compose:mergeLibDexAndroidDeviceTest
> Task :video-clip-editor-compose:mergeAndroidDeviceTestJavaResource
> Task :video-clip-editor-compose:compileAndroidDeviceTest
> Task :video-clip-editor-compose:dexBuilderAndroidDeviceTest
> Task :video-clip-editor-compose:mergeProjectDexAndroidDeviceTest
> Task :video-clip-editor-compose:packageAndroidDeviceTest
> Task :video-clip-editor-compose:createAndroidDeviceTestApkListingFileRedirect

> Task :video-clip-editor-compose:connectedAndroidDeviceTest
additionalTestOutput is not supported on this device running API level 23 because the additional test output directory could not be found

Starting 9 tests on ClipEditor_API23(AVD) - 6.0
Finished 9 tests on ClipEditor_API23(AVD) - 6.0

[Incubating] Problems report is available at: file:///Users/sandeepdhami/Documents/GitHub/OneOnOneArena-Workspace/video-clip-editor-visual-worktree/build/reports/problems/problems-report.html

BUILD SUCCESSFUL in 27s
64 actionable tasks: 64 executed
Consider enabling configuration cache to speed up this build: https://docs.gradle.org/9.4.1/userguide/configuration_cache_enabling.html
